{
  "identifier" : {
    "kind" : "complex-type",
    "package" : "hl7.fhir.r4.core",
    "version" : "4.0.1",
    "name" : "BackboneElement",
    "url" : "http://hl7.org/fhir/StructureDefinition/BackboneElement"
  },
  "base" : {
    "kind" : "complex-type",
    "package" : "hl7.fhir.r4.core",
    "version" : "4.0.1",
    "name" : "Element",
    "url" : "http://hl7.org/fhir/StructureDefinition/Element"
  },
  "description" : "Base StructureDefinition for BackboneElement Type: Base definition for all elements that are defined inside a resource - but not those in a data type.",
  "fields" : {
    "modifierExtension" : {
      "array" : true,
      "required" : false,
      "excluded" : false,
      "type" : {
        "kind" : "complex-type",
        "package" : "hl7.fhir.r4.core",
        "version" : "4.0.1",
        "name" : "Extension",
        "url" : "http://hl7.org/fhir/StructureDefinition/Extension"
      }
    }
  },
  "dependencies" : [ {
    "kind" : "complex-type",
    "package" : "hl7.fhir.r4.core",
    "version" : "4.0.1",
    "name" : "Element",
    "url" : "http://hl7.org/fhir/StructureDefinition/Element"
  }, {
    "kind" : "complex-type",
    "package" : "hl7.fhir.r4.core",
    "version" : "4.0.1",
    "name" : "Extension",
    "url" : "http://hl7.org/fhir/StructureDefinition/Extension"
  } ]
}