{
  "description" : "Base StructureDefinition for BackboneElement Type: Base definition for all elements that are defined inside a resource - but not those in a data type.",
  "derivation" : "specialization",
  "name" : "BackboneElement",
  "abstract" : true,
  "type" : "BackboneElement",
  "elements" : {
    "modifierExtension" : {
      "isModifier" : true,
      "short" : "Extensions that cannot be ignored even if unrecognized",
      "type" : "Extension",
      "array" : true,
      "isModifierReason" : "Modifier extensions are expected to modify the meaning or interpretation of the element that contains them",
      "isSummary" : true,
      "index" : 0
    }
  },
  "class" : "complex-type",
  "kind" : "complex-type",
  "url" : "http://hl7.org/fhir/StructureDefinition/BackboneElement",
  "base" : "http://hl7.org/fhir/StructureDefinition/Element",
  "version" : "4.0.1"
}