{
  "identifier": {
    "kind": "binding",
    "package": "hl7.fhir.r4.core",
    "version": "4.0.1",
    "name": "MessageTransport",
    "url": "urn:fhir:binding:MessageTransport"
  },
  "type": {
    "kind": "complex-type",
    "package": "hl7.fhir.r4.core",
    "version": "4.0.1",
    "name": "Coding",
    "url": "http://hl7.org/fhir/StructureDefinition/Coding"
  },
  "valueset": {
    "kind": "value-set",
    "package": "hl7.fhir.r4.core",
    "version": "4.0.1",
    "name": "message-transport",
    "url": "http://hl7.org/fhir/ValueSet/message-transport"
  },
  "strength": "extensible",
  "dependencies": [
    {
      "kind": "complex-type",
      "package": "hl7.fhir.r4.core",
      "version": "4.0.1",
      "name": "Coding",
      "url": "http://hl7.org/fhir/StructureDefinition/Coding"
    },
    {
      "kind": "value-set",
      "package": "hl7.fhir.r4.core",
      "version": "4.0.1",
      "name": "message-transport",
      "url": "http://hl7.org/fhir/ValueSet/message-transport"
    }
  ]
}
