{
  "identifier": {
    "kind": "binding",
    "package": "hl7.fhir.r4.core",
    "version": "4.0.1",
    "name": "PublicationStatus",
    "url": "urn:fhir:binding:PublicationStatus"
  },
  "type": {
    "kind": "primitive-type",
    "package": "hl7.fhir.r4.core",
    "version": "4.0.1",
    "name": "code",
    "url": "http://hl7.org/fhir/StructureDefinition/code"
  },
  "valueset": {
    "kind": "value-set",
    "package": "hl7.fhir.r4.core",
    "version": "4.0.1",
    "name": "publication-status",
    "url": "http://hl7.org/fhir/ValueSet/publication-status"
  },
  "strength": "required",
  "enum": [
    "draft",
    "active",
    "retired",
    "unknown"
  ],
  "dependencies": [
    {
      "kind": "primitive-type",
      "package": "hl7.fhir.r4.core",
      "version": "4.0.1",
      "name": "code",
      "url": "http://hl7.org/fhir/StructureDefinition/code"
    },
    {
      "kind": "value-set",
      "package": "hl7.fhir.r4.core",
      "version": "4.0.1",
      "name": "publication-status",
      "url": "http://hl7.org/fhir/ValueSet/publication-status"
    }
  ]
}
