{
  "identifier": {
    "kind": "binding",
    "package": "hl7.fhir.r4.core",
    "version": "4.0.1",
    "name": "SystemRestfulInteraction",
    "url": "urn:fhir:binding:SystemRestfulInteraction"
  },
  "type": {
    "kind": "primitive-type",
    "package": "hl7.fhir.r4.core",
    "version": "4.0.1",
    "name": "code",
    "url": "http://hl7.org/fhir/StructureDefinition/code"
  },
  "valueset": {
    "kind": "value-set",
    "package": "hl7.fhir.r4.core",
    "version": "4.0.1",
    "name": "system-restful-interaction",
    "url": "http://hl7.org/fhir/ValueSet/system-restful-interaction"
  },
  "strength": "required",
  "enum": [
    "transaction",
    "batch",
    "search-system",
    "history-system",
    "read",
    "vread",
    "update",
    "patch",
    "delete",
    "history",
    "create",
    "search",
    "capabilities",
    "transaction",
    "batch",
    "operation"
  ],
  "dependencies": [
    {
      "kind": "primitive-type",
      "package": "hl7.fhir.r4.core",
      "version": "4.0.1",
      "name": "code",
      "url": "http://hl7.org/fhir/StructureDefinition/code"
    },
    {
      "kind": "value-set",
      "package": "hl7.fhir.r4.core",
      "version": "4.0.1",
      "name": "system-restful-interaction",
      "url": "http://hl7.org/fhir/ValueSet/system-restful-interaction"
    }
  ]
}
