{
  "identifier": {
    "kind": "binding",
    "package": "hl7.fhir.r4.core",
    "version": "4.0.1",
    "name": "FHIRVersion",
    "url": "urn:fhir:binding:FHIRVersion"
  },
  "type": {
    "kind": "primitive-type",
    "package": "hl7.fhir.r4.core",
    "version": "4.0.1",
    "name": "code",
    "url": "http://hl7.org/fhir/StructureDefinition/code"
  },
  "valueset": {
    "kind": "value-set",
    "package": "hl7.fhir.r4.core",
    "version": "4.0.1",
    "name": "FHIR-version",
    "url": "http://hl7.org/fhir/ValueSet/FHIR-version"
  },
  "strength": "required",
  "enum": [
    "0.01",
    "0.05",
    "0.06",
    "0.11",
    "0.0.80",
    "0.0.81",
    "0.0.82",
    "0.4.0",
    "0.5.0",
    "1.0.0",
    "1.0.1",
    "1.0.2",
    "1.1.0",
    "1.4.0",
    "1.6.0",
    "1.8.0",
    "3.0.0",
    "3.0.1",
    "3.3.0",
    "3.5.0",
    "4.0.0",
    "4.0.1"
  ],
  "dependencies": [
    {
      "kind": "primitive-type",
      "package": "hl7.fhir.r4.core",
      "version": "4.0.1",
      "name": "code",
      "url": "http://hl7.org/fhir/StructureDefinition/code"
    },
    {
      "kind": "value-set",
      "package": "hl7.fhir.r4.core",
      "version": "4.0.1",
      "name": "FHIR-version",
      "url": "http://hl7.org/fhir/ValueSet/FHIR-version"
    }
  ]
}
