{
  "identifier" : {
    "kind" : "binding",
    "package" : "hl7.fhir.r4.core",
    "version" : "4.0.1",
    "name" : "CapabilityStatementKind",
    "url" : "urn:fhir:binding:CapabilityStatementKind"
  },
  "type" : {
    "kind" : "primitive-type",
    "package" : "hl7.fhir.r4.core",
    "version" : "4.0.1",
    "name" : "code",
    "url" : "http://hl7.org/fhir/StructureDefinition/code"
  },
  "valueset" : {
    "kind" : "value-set",
    "package" : "hl7.fhir.r4.core",
    "version" : "4.0.1",
    "name" : "capability-statement-kind",
    "url" : "http://hl7.org/fhir/ValueSet/capability-statement-kind"
  },
  "strength" : "required",
  "enum" : [ "instance", "capability", "requirements" ],
  "dependencies" : [ {
    "kind" : "primitive-type",
    "package" : "hl7.fhir.r4.core",
    "version" : "4.0.1",
    "name" : "code",
    "url" : "http://hl7.org/fhir/StructureDefinition/code"
  }, {
    "kind" : "value-set",
    "package" : "hl7.fhir.r4.core",
    "version" : "4.0.1",
    "name" : "capability-statement-kind",
    "url" : "http://hl7.org/fhir/ValueSet/capability-statement-kind"
  } ]
}