{
  "identifier": {
    "kind": "binding",
    "package": "hl7.fhir.r4.core",
    "version": "4.0.1",
    "name": "ConditionalReadStatus",
    "url": "urn:fhir:binding:ConditionalReadStatus"
  },
  "type": {
    "kind": "primitive-type",
    "package": "hl7.fhir.r4.core",
    "version": "4.0.1",
    "name": "code",
    "url": "http://hl7.org/fhir/StructureDefinition/code"
  },
  "valueset": {
    "kind": "value-set",
    "package": "hl7.fhir.r4.core",
    "version": "4.0.1",
    "name": "conditional-read-status",
    "url": "http://hl7.org/fhir/ValueSet/conditional-read-status"
  },
  "strength": "required",
  "enum": [
    "not-supported",
    "modified-since",
    "not-match",
    "full-support"
  ],
  "dependencies": [
    {
      "kind": "primitive-type",
      "package": "hl7.fhir.r4.core",
      "version": "4.0.1",
      "name": "code",
      "url": "http://hl7.org/fhir/StructureDefinition/code"
    },
    {
      "kind": "value-set",
      "package": "hl7.fhir.r4.core",
      "version": "4.0.1",
      "name": "conditional-read-status",
      "url": "http://hl7.org/fhir/ValueSet/conditional-read-status"
    }
  ]
}
