{
  "identifier": {
    "kind": "binding",
    "package": "hl7.fhir.r4.core",
    "version": "4.0.1",
    "name": "RestfulCapabilityMode",
    "url": "urn:fhir:binding:RestfulCapabilityMode"
  },
  "type": {
    "kind": "primitive-type",
    "package": "hl7.fhir.r4.core",
    "version": "4.0.1",
    "name": "code",
    "url": "http://hl7.org/fhir/StructureDefinition/code"
  },
  "valueset": {
    "kind": "value-set",
    "package": "hl7.fhir.r4.core",
    "version": "4.0.1",
    "name": "restful-capability-mode",
    "url": "http://hl7.org/fhir/ValueSet/restful-capability-mode"
  },
  "strength": "required",
  "enum": [
    "client",
    "server"
  ],
  "dependencies": [
    {
      "kind": "primitive-type",
      "package": "hl7.fhir.r4.core",
      "version": "4.0.1",
      "name": "code",
      "url": "http://hl7.org/fhir/StructureDefinition/code"
    },
    {
      "kind": "value-set",
      "package": "hl7.fhir.r4.core",
      "version": "4.0.1",
      "name": "restful-capability-mode",
      "url": "http://hl7.org/fhir/ValueSet/restful-capability-mode"
    }
  ]
}
