{
  "identifier": {
    "kind": "binding",
    "package": "hl7.fhir.r4.core",
    "version": "4.0.1",
    "name": "EventCapabilityMode",
    "url": "urn:fhir:binding:EventCapabilityMode"
  },
  "type": {
    "kind": "primitive-type",
    "package": "hl7.fhir.r4.core",
    "version": "4.0.1",
    "name": "code",
    "url": "http://hl7.org/fhir/StructureDefinition/code"
  },
  "valueset": {
    "kind": "value-set",
    "package": "hl7.fhir.r4.core",
    "version": "4.0.1",
    "name": "event-capability-mode",
    "url": "http://hl7.org/fhir/ValueSet/event-capability-mode"
  },
  "strength": "required",
  "enum": [
    "sender",
    "receiver"
  ],
  "dependencies": [
    {
      "kind": "primitive-type",
      "package": "hl7.fhir.r4.core",
      "version": "4.0.1",
      "name": "code",
      "url": "http://hl7.org/fhir/StructureDefinition/code"
    },
    {
      "kind": "value-set",
      "package": "hl7.fhir.r4.core",
      "version": "4.0.1",
      "name": "event-capability-mode",
      "url": "http://hl7.org/fhir/ValueSet/event-capability-mode"
    }
  ]
}
