{
  "identifier": {
    "kind": "binding",
    "package": "hl7.fhir.r4.core",
    "version": "4.0.1",
    "name": "SearchParamType",
    "url": "urn:fhir:binding:SearchParamType"
  },
  "type": {
    "kind": "primitive-type",
    "package": "hl7.fhir.r4.core",
    "version": "4.0.1",
    "name": "code",
    "url": "http://hl7.org/fhir/StructureDefinition/code"
  },
  "valueset": {
    "kind": "value-set",
    "package": "hl7.fhir.r4.core",
    "version": "4.0.1",
    "name": "search-param-type",
    "url": "http://hl7.org/fhir/ValueSet/search-param-type"
  },
  "strength": "required",
  "enum": [
    "number",
    "date",
    "string",
    "token",
    "reference",
    "composite",
    "quantity",
    "uri",
    "special"
  ],
  "dependencies": [
    {
      "kind": "primitive-type",
      "package": "hl7.fhir.r4.core",
      "version": "4.0.1",
      "name": "code",
      "url": "http://hl7.org/fhir/StructureDefinition/code"
    },
    {
      "kind": "value-set",
      "package": "hl7.fhir.r4.core",
      "version": "4.0.1",
      "name": "search-param-type",
      "url": "http://hl7.org/fhir/ValueSet/search-param-type"
    }
  ]
}
