{
  "identifier": {
    "kind": "binding",
    "package": "hl7.fhir.r4.core",
    "version": "4.0.1",
    "name": "ResourceVersionPolicy",
    "url": "urn:fhir:binding:ResourceVersionPolicy"
  },
  "type": {
    "kind": "primitive-type",
    "package": "hl7.fhir.r4.core",
    "version": "4.0.1",
    "name": "code",
    "url": "http://hl7.org/fhir/StructureDefinition/code"
  },
  "valueset": {
    "kind": "value-set",
    "package": "hl7.fhir.r4.core",
    "version": "4.0.1",
    "name": "versioning-policy",
    "url": "http://hl7.org/fhir/ValueSet/versioning-policy"
  },
  "strength": "required",
  "enum": [
    "no-version",
    "versioned",
    "versioned-update"
  ],
  "dependencies": [
    {
      "kind": "primitive-type",
      "package": "hl7.fhir.r4.core",
      "version": "4.0.1",
      "name": "code",
      "url": "http://hl7.org/fhir/StructureDefinition/code"
    },
    {
      "kind": "value-set",
      "package": "hl7.fhir.r4.core",
      "version": "4.0.1",
      "name": "versioning-policy",
      "url": "http://hl7.org/fhir/ValueSet/versioning-policy"
    }
  ]
}
