{
  "identifier" : {
    "kind" : "binding",
    "package" : "hl7.fhir.r4.core",
    "version" : "4.0.1",
    "name" : "BundleType",
    "url" : "urn:fhir:binding:BundleType"
  },
  "type" : {
    "kind" : "primitive-type",
    "package" : "hl7.fhir.r4.core",
    "version" : "4.0.1",
    "name" : "code",
    "url" : "http://hl7.org/fhir/StructureDefinition/code"
  },
  "valueset" : {
    "kind" : "value-set",
    "package" : "hl7.fhir.r4.core",
    "version" : "4.0.1",
    "name" : "bundle-type",
    "url" : "http://hl7.org/fhir/ValueSet/bundle-type"
  },
  "strength" : "required",
  "enum" : [ "document", "message", "transaction", "transaction-response", "batch", "batch-response", "history", "searchset", "collection" ],
  "dependencies" : [ {
    "kind" : "primitive-type",
    "package" : "hl7.fhir.r4.core",
    "version" : "4.0.1",
    "name" : "code",
    "url" : "http://hl7.org/fhir/StructureDefinition/code"
  }, {
    "kind" : "value-set",
    "package" : "hl7.fhir.r4.core",
    "version" : "4.0.1",
    "name" : "bundle-type",
    "url" : "http://hl7.org/fhir/ValueSet/bundle-type"
  } ]
}