{
  "identifier": {
    "kind": "binding",
    "package": "hl7.fhir.r4.core",
    "version": "4.0.1",
    "name": "HTTPVerb",
    "url": "urn:fhir:binding:HTTPVerb"
  },
  "type": {
    "kind": "primitive-type",
    "package": "hl7.fhir.r4.core",
    "version": "4.0.1",
    "name": "code",
    "url": "http://hl7.org/fhir/StructureDefinition/code"
  },
  "valueset": {
    "kind": "value-set",
    "package": "hl7.fhir.r4.core",
    "version": "4.0.1",
    "name": "http-verb",
    "url": "http://hl7.org/fhir/ValueSet/http-verb"
  },
  "strength": "required",
  "enum": [
    "GET",
    "HEAD",
    "POST",
    "PUT",
    "DELETE",
    "PATCH"
  ],
  "dependencies": [
    {
      "kind": "primitive-type",
      "package": "hl7.fhir.r4.core",
      "version": "4.0.1",
      "name": "code",
      "url": "http://hl7.org/fhir/StructureDefinition/code"
    },
    {
      "kind": "value-set",
      "package": "hl7.fhir.r4.core",
      "version": "4.0.1",
      "name": "http-verb",
      "url": "http://hl7.org/fhir/ValueSet/http-verb"
    }
  ]
}
