{
  "package" : {
    "version" : "4.0.1"
  },
  "type" : {
    "name" : "Bundle",
    "base" : "http://hl7.org/fhir/StructureDefinition/Resource",
    "url" : "http://hl7.org/fhir/StructureDefinition/Bundle",
    "version" : "4.0.1",
    "kind" : "resource"
  },
  "fields" : {
    "identifier" : {
      "type" : {
        "kind" : "complex-type",
        "url" : "http://hl7.org/fhir/StructureDefinition/Identifier",
        "name" : "Identifier",
        "base" : "http://hl7.org/fhir/StructureDefinition/Element"
      }
    },
    "type" : {
      "binding" : {
        "strength" : "required",
        "valueSet" : "http://hl7.org/fhir/ValueSet/bundle-type|4.0.1"
      },
      "type" : {
        "kind" : "primitive-type",
        "url" : "http://hl7.org/fhir/StructureDefinition/code",
        "name" : "code",
        "base" : "http://hl7.org/fhir/StructureDefinition/string"
      }
    },
    "timestamp" : {
      "type" : {
        "kind" : "primitive-type",
        "url" : "http://hl7.org/fhir/StructureDefinition/instant",
        "name" : "instant",
        "base" : "http://hl7.org/fhir/StructureDefinition/Element"
      }
    },
    "total" : {
      "type" : {
        "kind" : "primitive-type",
        "url" : "http://hl7.org/fhir/StructureDefinition/unsignedInt",
        "name" : "unsignedInt",
        "base" : "http://hl7.org/fhir/StructureDefinition/integer"
      }
    },
    "link" : {
      "array" : true,
      "type" : {
        "kind" : "nested",
        "path" : [ "http://hl7.org/fhir/StructureDefinition/Bundle", "link" ]
      }
    },
    "entry" : {
      "array" : true,
      "type" : {
        "kind" : "nested",
        "path" : [ "http://hl7.org/fhir/StructureDefinition/Bundle", "entry" ]
      }
    },
    "signature" : {
      "type" : {
        "kind" : "complex-type",
        "url" : "http://hl7.org/fhir/StructureDefinition/Signature",
        "name" : "Signature",
        "base" : "http://hl7.org/fhir/StructureDefinition/Element"
      }
    }
  },
  "nestedTypes" : [ {
    "path" : [ "http://hl7.org/fhir/StructureDefinition/Bundle", "link" ],
    "type" : {
      "kind" : "complex-type",
      "url" : "http://hl7.org/fhir/StructureDefinition/BackboneElement",
      "name" : "BackboneElement",
      "base" : "http://hl7.org/fhir/StructureDefinition/Element"
    },
    "fields" : {
      "relation" : {
        "type" : {
          "kind" : "primitive-type",
          "url" : "http://hl7.org/fhir/StructureDefinition/string",
          "name" : "string",
          "base" : "http://hl7.org/fhir/StructureDefinition/Element"
        }
      },
      "url" : {
        "type" : {
          "kind" : "primitive-type",
          "url" : "http://hl7.org/fhir/StructureDefinition/uri",
          "name" : "uri",
          "base" : "http://hl7.org/fhir/StructureDefinition/Element"
        }
      }
    }
  }, {
    "path" : [ "http://hl7.org/fhir/StructureDefinition/Bundle", "entry" ],
    "type" : {
      "kind" : "complex-type",
      "url" : "http://hl7.org/fhir/StructureDefinition/BackboneElement",
      "name" : "BackboneElement",
      "base" : "http://hl7.org/fhir/StructureDefinition/Element"
    },
    "fields" : {
      "link" : {
        "array" : true
      },
      "fullUrl" : {
        "type" : {
          "kind" : "primitive-type",
          "url" : "http://hl7.org/fhir/StructureDefinition/uri",
          "name" : "uri",
          "base" : "http://hl7.org/fhir/StructureDefinition/Element"
        }
      },
      "resource" : {
        "type" : {
          "kind" : "resource",
          "url" : "http://hl7.org/fhir/StructureDefinition/Resource",
          "name" : "Resource"
        }
      },
      "search" : {
        "type" : {
          "kind" : "nested",
          "path" : [ "http://hl7.org/fhir/StructureDefinition/Bundle", "entry", "search" ]
        }
      },
      "request" : {
        "type" : {
          "kind" : "nested",
          "path" : [ "http://hl7.org/fhir/StructureDefinition/Bundle", "entry", "request" ]
        }
      },
      "response" : {
        "type" : {
          "kind" : "nested",
          "path" : [ "http://hl7.org/fhir/StructureDefinition/Bundle", "entry", "response" ]
        }
      }
    }
  }, {
    "path" : [ "http://hl7.org/fhir/StructureDefinition/Bundle", "entry", "search" ],
    "type" : {
      "kind" : "complex-type",
      "url" : "http://hl7.org/fhir/StructureDefinition/BackboneElement",
      "name" : "BackboneElement",
      "base" : "http://hl7.org/fhir/StructureDefinition/Element"
    },
    "fields" : {
      "mode" : {
        "binding" : {
          "strength" : "required",
          "valueSet" : "http://hl7.org/fhir/ValueSet/search-entry-mode|4.0.1"
        },
        "type" : {
          "kind" : "primitive-type",
          "url" : "http://hl7.org/fhir/StructureDefinition/code",
          "name" : "code",
          "base" : "http://hl7.org/fhir/StructureDefinition/string"
        }
      },
      "score" : {
        "type" : {
          "kind" : "primitive-type",
          "url" : "http://hl7.org/fhir/StructureDefinition/decimal",
          "name" : "decimal",
          "base" : "http://hl7.org/fhir/StructureDefinition/Element"
        }
      }
    }
  }, {
    "path" : [ "http://hl7.org/fhir/StructureDefinition/Bundle", "entry", "request" ],
    "type" : {
      "kind" : "complex-type",
      "url" : "http://hl7.org/fhir/StructureDefinition/BackboneElement",
      "name" : "BackboneElement",
      "base" : "http://hl7.org/fhir/StructureDefinition/Element"
    },
    "fields" : {
      "method" : {
        "binding" : {
          "strength" : "required",
          "valueSet" : "http://hl7.org/fhir/ValueSet/http-verb|4.0.1"
        },
        "type" : {
          "kind" : "primitive-type",
          "url" : "http://hl7.org/fhir/StructureDefinition/code",
          "name" : "code",
          "base" : "http://hl7.org/fhir/StructureDefinition/string"
        }
      },
      "url" : {
        "type" : {
          "kind" : "primitive-type",
          "url" : "http://hl7.org/fhir/StructureDefinition/uri",
          "name" : "uri",
          "base" : "http://hl7.org/fhir/StructureDefinition/Element"
        }
      },
      "ifNoneMatch" : {
        "type" : {
          "kind" : "primitive-type",
          "url" : "http://hl7.org/fhir/StructureDefinition/string",
          "name" : "string",
          "base" : "http://hl7.org/fhir/StructureDefinition/Element"
        }
      },
      "ifModifiedSince" : {
        "type" : {
          "kind" : "primitive-type",
          "url" : "http://hl7.org/fhir/StructureDefinition/instant",
          "name" : "instant",
          "base" : "http://hl7.org/fhir/StructureDefinition/Element"
        }
      },
      "ifMatch" : {
        "type" : {
          "kind" : "primitive-type",
          "url" : "http://hl7.org/fhir/StructureDefinition/string",
          "name" : "string",
          "base" : "http://hl7.org/fhir/StructureDefinition/Element"
        }
      },
      "ifNoneExist" : {
        "type" : {
          "kind" : "primitive-type",
          "url" : "http://hl7.org/fhir/StructureDefinition/string",
          "name" : "string",
          "base" : "http://hl7.org/fhir/StructureDefinition/Element"
        }
      }
    }
  }, {
    "path" : [ "http://hl7.org/fhir/StructureDefinition/Bundle", "entry", "response" ],
    "type" : {
      "kind" : "complex-type",
      "url" : "http://hl7.org/fhir/StructureDefinition/BackboneElement",
      "name" : "BackboneElement",
      "base" : "http://hl7.org/fhir/StructureDefinition/Element"
    },
    "fields" : {
      "status" : {
        "type" : {
          "kind" : "primitive-type",
          "url" : "http://hl7.org/fhir/StructureDefinition/string",
          "name" : "string",
          "base" : "http://hl7.org/fhir/StructureDefinition/Element"
        }
      },
      "location" : {
        "type" : {
          "kind" : "primitive-type",
          "url" : "http://hl7.org/fhir/StructureDefinition/uri",
          "name" : "uri",
          "base" : "http://hl7.org/fhir/StructureDefinition/Element"
        }
      },
      "etag" : {
        "type" : {
          "kind" : "primitive-type",
          "url" : "http://hl7.org/fhir/StructureDefinition/string",
          "name" : "string",
          "base" : "http://hl7.org/fhir/StructureDefinition/Element"
        }
      },
      "lastModified" : {
        "type" : {
          "kind" : "primitive-type",
          "url" : "http://hl7.org/fhir/StructureDefinition/instant",
          "name" : "instant",
          "base" : "http://hl7.org/fhir/StructureDefinition/Element"
        }
      },
      "outcome" : {
        "type" : {
          "kind" : "resource",
          "url" : "http://hl7.org/fhir/StructureDefinition/Resource",
          "name" : "Resource"
        }
      }
    }
  } ],
  "dependencies" : [ {
    "name" : "Resource",
    "url" : "http://hl7.org/fhir/StructureDefinition/Resource",
    "version" : "4.0.1",
    "kind" : "resource"
  }, {
    "kind" : "complex-type",
    "url" : "http://hl7.org/fhir/StructureDefinition/Identifier",
    "name" : "Identifier",
    "base" : "http://hl7.org/fhir/StructureDefinition/Element"
  }, {
    "kind" : "primitive-type",
    "url" : "http://hl7.org/fhir/StructureDefinition/code",
    "name" : "code",
    "base" : "http://hl7.org/fhir/StructureDefinition/string"
  }, {
    "kind" : "primitive-type",
    "url" : "http://hl7.org/fhir/StructureDefinition/instant",
    "name" : "instant",
    "base" : "http://hl7.org/fhir/StructureDefinition/Element"
  }, {
    "kind" : "primitive-type",
    "url" : "http://hl7.org/fhir/StructureDefinition/unsignedInt",
    "name" : "unsignedInt",
    "base" : "http://hl7.org/fhir/StructureDefinition/integer"
  }, {
    "kind" : "complex-type",
    "url" : "http://hl7.org/fhir/StructureDefinition/Signature",
    "name" : "Signature",
    "base" : "http://hl7.org/fhir/StructureDefinition/Element"
  }, {
    "kind" : "primitive-type",
    "url" : "http://hl7.org/fhir/StructureDefinition/string",
    "name" : "string",
    "base" : "http://hl7.org/fhir/StructureDefinition/Element"
  }, {
    "kind" : "primitive-type",
    "url" : "http://hl7.org/fhir/StructureDefinition/uri",
    "name" : "uri",
    "base" : "http://hl7.org/fhir/StructureDefinition/Element"
  }, {
    "kind" : "complex-type",
    "url" : "http://hl7.org/fhir/StructureDefinition/BackboneElement",
    "name" : "BackboneElement",
    "base" : "http://hl7.org/fhir/StructureDefinition/Element"
  }, {
    "kind" : "resource",
    "url" : "http://hl7.org/fhir/StructureDefinition/Resource",
    "name" : "Resource"
  }, {
    "kind" : "primitive-type",
    "url" : "http://hl7.org/fhir/StructureDefinition/decimal",
    "name" : "decimal",
    "base" : "http://hl7.org/fhir/StructureDefinition/Element"
  } ]
}