{
  "package" : {
    "version" : "4.0.1"
  },
  "type" : {
    "name" : "Patient",
    "base" : "http://hl7.org/fhir/StructureDefinition/DomainResource",
    "url" : "http://hl7.org/fhir/StructureDefinition/Patient",
    "version" : "4.0.1",
    "kind" : "resource"
  },
  "fields" : {
    "multipleBirthBoolean" : {
      "choiceOf" : "multipleBirth",
      "type" : {
        "kind" : "primitive-type",
        "url" : "http://hl7.org/fhir/StructureDefinition/boolean",
        "name" : "boolean",
        "base" : "http://hl7.org/fhir/StructureDefinition/Element"
      }
    },
    "address" : {
      "array" : true,
      "type" : {
        "kind" : "complex-type",
        "url" : "http://hl7.org/fhir/StructureDefinition/Address",
        "name" : "Address",
        "base" : "http://hl7.org/fhir/StructureDefinition/Element"
      }
    },
    "deceasedDateTime" : {
      "choiceOf" : "deceased",
      "type" : {
        "kind" : "primitive-type",
        "url" : "http://hl7.org/fhir/StructureDefinition/dateTime",
        "name" : "dateTime",
        "base" : "http://hl7.org/fhir/StructureDefinition/Element"
      }
    },
    "managingOrganization" : {
      "type" : {
        "kind" : "complex-type",
        "url" : "http://hl7.org/fhir/StructureDefinition/Reference",
        "name" : "Reference",
        "base" : "http://hl7.org/fhir/StructureDefinition/Element"
      }
    },
    "deceasedBoolean" : {
      "choiceOf" : "deceased",
      "type" : {
        "kind" : "primitive-type",
        "url" : "http://hl7.org/fhir/StructureDefinition/boolean",
        "name" : "boolean",
        "base" : "http://hl7.org/fhir/StructureDefinition/Element"
      }
    },
    "name" : {
      "array" : true,
      "type" : {
        "kind" : "complex-type",
        "url" : "http://hl7.org/fhir/StructureDefinition/HumanName",
        "name" : "HumanName",
        "base" : "http://hl7.org/fhir/StructureDefinition/Element"
      }
    },
    "birthDate" : {
      "type" : {
        "kind" : "primitive-type",
        "url" : "http://hl7.org/fhir/StructureDefinition/date",
        "name" : "date",
        "base" : "http://hl7.org/fhir/StructureDefinition/Element"
      }
    },
    "multipleBirthInteger" : {
      "choiceOf" : "multipleBirth",
      "type" : {
        "kind" : "primitive-type",
        "url" : "http://hl7.org/fhir/StructureDefinition/integer",
        "name" : "integer",
        "base" : "http://hl7.org/fhir/StructureDefinition/Element"
      }
    },
    "multipleBirth" : {
      "choices" : [ "multipleBirthBoolean", "multipleBirthInteger" ]
    },
    "deceased" : {
      "choices" : [ "deceasedBoolean", "deceasedDateTime" ]
    },
    "photo" : {
      "array" : true,
      "type" : {
        "kind" : "complex-type",
        "url" : "http://hl7.org/fhir/StructureDefinition/Attachment",
        "name" : "Attachment",
        "base" : "http://hl7.org/fhir/StructureDefinition/Element"
      }
    },
    "link" : {
      "array" : true,
      "type" : {
        "kind" : "nested",
        "path" : [ "http://hl7.org/fhir/StructureDefinition/Patient", "link" ]
      }
    },
    "active" : {
      "type" : {
        "kind" : "primitive-type",
        "url" : "http://hl7.org/fhir/StructureDefinition/boolean",
        "name" : "boolean",
        "base" : "http://hl7.org/fhir/StructureDefinition/Element"
      }
    },
    "communication" : {
      "array" : true,
      "type" : {
        "kind" : "nested",
        "path" : [ "http://hl7.org/fhir/StructureDefinition/Patient", "communication" ]
      }
    },
    "identifier" : {
      "array" : true,
      "type" : {
        "kind" : "complex-type",
        "url" : "http://hl7.org/fhir/StructureDefinition/Identifier",
        "name" : "Identifier",
        "base" : "http://hl7.org/fhir/StructureDefinition/Element"
      }
    },
    "telecom" : {
      "array" : true,
      "type" : {
        "kind" : "complex-type",
        "url" : "http://hl7.org/fhir/StructureDefinition/ContactPoint",
        "name" : "ContactPoint",
        "base" : "http://hl7.org/fhir/StructureDefinition/Element"
      }
    },
    "generalPractitioner" : {
      "array" : true,
      "type" : {
        "kind" : "complex-type",
        "url" : "http://hl7.org/fhir/StructureDefinition/Reference",
        "name" : "Reference",
        "base" : "http://hl7.org/fhir/StructureDefinition/Element"
      }
    },
    "gender" : {
      "binding" : {
        "strength" : "required",
        "valueSet" : "http://hl7.org/fhir/ValueSet/administrative-gender|4.0.1",
        "enum" : [ "male", "female", "other", "unknown" ]
      },
      "type" : {
        "kind" : "primitive-type",
        "url" : "http://hl7.org/fhir/StructureDefinition/code",
        "name" : "code",
        "base" : "http://hl7.org/fhir/StructureDefinition/string"
      }
    },
    "maritalStatus" : {
      "binding" : {
        "strength" : "extensible",
        "valueSet" : "http://hl7.org/fhir/ValueSet/marital-status",
        "enum" : [ "A", "D", "I", "L", "M", "P", "S", "T", "U", "W", "UNK" ]
      },
      "type" : {
        "kind" : "complex-type",
        "url" : "http://hl7.org/fhir/StructureDefinition/CodeableConcept",
        "name" : "CodeableConcept",
        "base" : "http://hl7.org/fhir/StructureDefinition/Element"
      }
    },
    "contact" : {
      "array" : true,
      "type" : {
        "kind" : "nested",
        "path" : [ "http://hl7.org/fhir/StructureDefinition/Patient", "contact" ]
      }
    }
  },
  "nestedTypes" : [ {
    "path" : [ "http://hl7.org/fhir/StructureDefinition/Patient", "link" ],
    "fields" : {
      "other" : {
        "type" : {
          "kind" : "complex-type",
          "url" : "http://hl7.org/fhir/StructureDefinition/Reference",
          "name" : "Reference",
          "base" : "http://hl7.org/fhir/StructureDefinition/Element"
        }
      },
      "type" : {
        "binding" : {
          "strength" : "required",
          "valueSet" : "http://hl7.org/fhir/ValueSet/link-type|4.0.1",
          "enum" : [ "replaced-by", "replaces", "refer", "seealso" ]
        },
        "type" : {
          "kind" : "primitive-type",
          "url" : "http://hl7.org/fhir/StructureDefinition/code",
          "name" : "code",
          "base" : "http://hl7.org/fhir/StructureDefinition/string"
        }
      }
    },
    "type" : {
      "kind" : "complex-type",
      "name" : "BackboneElement",
      "base" : "http://hl7.org/fhir/StructureDefinition/BackboneElement"
    }
  }, {
    "path" : [ "http://hl7.org/fhir/StructureDefinition/Patient", "communication" ],
    "fields" : {
      "language" : {
        "binding" : {
          "strength" : "preferred",
          "valueSet" : "http://hl7.org/fhir/ValueSet/languages",
          "enum" : [ "ar", "bn", "cs", "da", "de", "de-AT", "de-CH", "de-DE", "el", "en", "en-AU", "en-CA", "en-GB", "en-IN", "en-NZ", "en-SG", "en-US", "es", "es-AR", "es-ES", "es-UY", "fi", "fr", "fr-BE", "fr-CH", "fr-FR", "fy", "fy-NL", "hi", "hr", "it", "it-CH", "it-IT", "ja", "ko", "nl", "nl-BE", "nl-NL", "no", "no-NO", "pa", "pl", "pt", "pt-BR", "ru", "ru-RU", "sr", "sr-RS", "sv", "sv-SE", "te", "zh", "zh-CN", "zh-HK", "zh-SG", "zh-TW" ]
        },
        "type" : {
          "kind" : "complex-type",
          "url" : "http://hl7.org/fhir/StructureDefinition/CodeableConcept",
          "name" : "CodeableConcept",
          "base" : "http://hl7.org/fhir/StructureDefinition/Element"
        }
      },
      "preferred" : {
        "type" : {
          "kind" : "primitive-type",
          "url" : "http://hl7.org/fhir/StructureDefinition/boolean",
          "name" : "boolean",
          "base" : "http://hl7.org/fhir/StructureDefinition/Element"
        }
      }
    },
    "type" : {
      "kind" : "complex-type",
      "name" : "BackboneElement",
      "base" : "http://hl7.org/fhir/StructureDefinition/BackboneElement"
    }
  }, {
    "path" : [ "http://hl7.org/fhir/StructureDefinition/Patient", "contact" ],
    "fields" : {
      "relationship" : {
        "array" : true,
        "binding" : {
          "strength" : "extensible",
          "valueSet" : "http://hl7.org/fhir/ValueSet/patient-contactrelationship"
        },
        "type" : {
          "kind" : "complex-type",
          "url" : "http://hl7.org/fhir/StructureDefinition/CodeableConcept",
          "name" : "CodeableConcept",
          "base" : "http://hl7.org/fhir/StructureDefinition/Element"
        }
      },
      "name" : {
        "type" : {
          "kind" : "complex-type",
          "url" : "http://hl7.org/fhir/StructureDefinition/HumanName",
          "name" : "HumanName",
          "base" : "http://hl7.org/fhir/StructureDefinition/Element"
        }
      },
      "telecom" : {
        "array" : true,
        "type" : {
          "kind" : "complex-type",
          "url" : "http://hl7.org/fhir/StructureDefinition/ContactPoint",
          "name" : "ContactPoint",
          "base" : "http://hl7.org/fhir/StructureDefinition/Element"
        }
      },
      "address" : {
        "type" : {
          "kind" : "complex-type",
          "url" : "http://hl7.org/fhir/StructureDefinition/Address",
          "name" : "Address",
          "base" : "http://hl7.org/fhir/StructureDefinition/Element"
        }
      },
      "gender" : {
        "binding" : {
          "strength" : "required",
          "valueSet" : "http://hl7.org/fhir/ValueSet/administrative-gender|4.0.1",
          "enum" : [ "male", "female", "other", "unknown" ]
        },
        "type" : {
          "kind" : "primitive-type",
          "url" : "http://hl7.org/fhir/StructureDefinition/code",
          "name" : "code",
          "base" : "http://hl7.org/fhir/StructureDefinition/string"
        }
      },
      "organization" : {
        "type" : {
          "kind" : "complex-type",
          "url" : "http://hl7.org/fhir/StructureDefinition/Reference",
          "name" : "Reference",
          "base" : "http://hl7.org/fhir/StructureDefinition/Element"
        }
      },
      "period" : {
        "type" : {
          "kind" : "complex-type",
          "url" : "http://hl7.org/fhir/StructureDefinition/Period",
          "name" : "Period",
          "base" : "http://hl7.org/fhir/StructureDefinition/Element"
        }
      }
    },
    "type" : {
      "kind" : "complex-type",
      "name" : "BackboneElement",
      "base" : "http://hl7.org/fhir/StructureDefinition/BackboneElement"
    }
  } ],
  "dependencies" : [ {
    "name" : "DomainResource",
    "base" : "http://hl7.org/fhir/StructureDefinition/Resource",
    "url" : "http://hl7.org/fhir/StructureDefinition/DomainResource",
    "version" : "4.0.1",
    "kind" : "resource"
  }, {
    "kind" : "primitive-type",
    "url" : "http://hl7.org/fhir/StructureDefinition/boolean",
    "name" : "boolean",
    "base" : "http://hl7.org/fhir/StructureDefinition/Element"
  }, {
    "kind" : "complex-type",
    "url" : "http://hl7.org/fhir/StructureDefinition/Address",
    "name" : "Address",
    "base" : "http://hl7.org/fhir/StructureDefinition/Element"
  }, {
    "kind" : "primitive-type",
    "url" : "http://hl7.org/fhir/StructureDefinition/dateTime",
    "name" : "dateTime",
    "base" : "http://hl7.org/fhir/StructureDefinition/Element"
  }, {
    "kind" : "complex-type",
    "url" : "http://hl7.org/fhir/StructureDefinition/Reference",
    "name" : "Reference",
    "base" : "http://hl7.org/fhir/StructureDefinition/Element"
  }, {
    "kind" : "complex-type",
    "url" : "http://hl7.org/fhir/StructureDefinition/HumanName",
    "name" : "HumanName",
    "base" : "http://hl7.org/fhir/StructureDefinition/Element"
  }, {
    "kind" : "primitive-type",
    "url" : "http://hl7.org/fhir/StructureDefinition/date",
    "name" : "date",
    "base" : "http://hl7.org/fhir/StructureDefinition/Element"
  }, {
    "kind" : "primitive-type",
    "url" : "http://hl7.org/fhir/StructureDefinition/integer",
    "name" : "integer",
    "base" : "http://hl7.org/fhir/StructureDefinition/Element"
  }, {
    "kind" : "complex-type",
    "url" : "http://hl7.org/fhir/StructureDefinition/Attachment",
    "name" : "Attachment",
    "base" : "http://hl7.org/fhir/StructureDefinition/Element"
  }, {
    "kind" : "complex-type",
    "url" : "http://hl7.org/fhir/StructureDefinition/Identifier",
    "name" : "Identifier",
    "base" : "http://hl7.org/fhir/StructureDefinition/Element"
  }, {
    "kind" : "complex-type",
    "url" : "http://hl7.org/fhir/StructureDefinition/ContactPoint",
    "name" : "ContactPoint",
    "base" : "http://hl7.org/fhir/StructureDefinition/Element"
  }, {
    "kind" : "primitive-type",
    "url" : "http://hl7.org/fhir/StructureDefinition/code",
    "name" : "code",
    "base" : "http://hl7.org/fhir/StructureDefinition/string"
  }, {
    "kind" : "complex-type",
    "url" : "http://hl7.org/fhir/StructureDefinition/CodeableConcept",
    "name" : "CodeableConcept",
    "base" : "http://hl7.org/fhir/StructureDefinition/Element"
  }, {
    "kind" : "complex-type",
    "name" : "BackboneElement",
    "base" : "http://hl7.org/fhir/StructureDefinition/BackboneElement"
  }, {
    "kind" : "complex-type",
    "url" : "http://hl7.org/fhir/StructureDefinition/Period",
    "name" : "Period",
    "base" : "http://hl7.org/fhir/StructureDefinition/Element"
  } ]
}