{
  "identifier": {
    "kind": "binding",
    "package": "not-specified",
    "version": "not-specified",
    "name": "TutorNotification.type_binding",
    "url": "http://example.com/aidbox-sms-tutor/TutorNotification#type_binding"
  },
  "type": {
    "kind": "primitive-type",
    "package": "hl7.fhir.r4.core",
    "version": "4.0.1",
    "name": "string",
    "url": "http://hl7.org/fhir/StructureDefinition/string"
  },
  "valueset": {
    "kind": "value-set",
    "url": "http://hl7.org/fhir/ValueSet/contact-point-system",
    "name": "contact-point-system",
    "package": "hl7.fhir.r4.core",
    "version": "4.0.1"
  },
  "strength": "required",
  "dependencies": [
    {
      "kind": "primitive-type",
      "package": "hl7.fhir.r4.core",
      "version": "4.0.1",
      "name": "string",
      "url": "http://hl7.org/fhir/StructureDefinition/string"
    },
    {
      "kind": "value-set",
      "url": "http://hl7.org/fhir/ValueSet/contact-point-system",
      "name": "contact-point-system",
      "package": "hl7.fhir.r4.core",
      "version": "4.0.1"
    }
  ]
}
