{
  "package-meta": {
    "name": "custom-package",
    "version": "0.0.1"
  },
  "url": "http://example.com/StructureDefinition/Custom",
  "base": "http://hl7.org/fhir/StructureDefinition/Resource",
  "name": "Custom",
  "type": "Custom",
  "version": "0.0.1",
  "elements": {
    "stringField": {
      "scalar": true,
      "type": "string"
    }
  },
  "derivation": "specialization"
}
