{
  "identifier": {
    "kind": "resource",
    "package": "undefined",
    "version": "undefined",
    "name": "TutorNotificationTemplate",
    "url": "http://example.com/aidbox-sms-tutor/TutorNotificationTemplate"
  },
  "base": {
    "kind": "resource",
    "package": "hl7.fhir.r4.core",
    "version": "4.0.1",
    "name": "DomainResource",
    "url": "http://hl7.org/fhir/StructureDefinition/DomainResource"
  },
  "fields": {
    "template": {
      "excluded": false,
      "type": {
        "kind": "primitive-type",
        "package": "hl7.fhir.r4.core",
        "version": "4.0.1",
        "name": "string",
        "url": "http://hl7.org/fhir/StructureDefinition/string"
      },
      "array": false,
      "required": true
    }
  },
  "dependencies": [
    {
      "kind": "resource",
      "package": "hl7.fhir.r4.core",
      "version": "4.0.1",
      "name": "DomainResource",
      "url": "http://hl7.org/fhir/StructureDefinition/DomainResource"
    },
    {
      "kind": "primitive-type",
      "package": "hl7.fhir.r4.core",
      "version": "4.0.1",
      "name": "string",
      "url": "http://hl7.org/fhir/StructureDefinition/string"
    }
  ]
}
