{
  "identifier" : {
    "kind" : "binding",
    "package" : "hl7.fhir.r4.core",
    "version" : "4.0.1",
    "name" : "QuestionnaireConcept",
    "url" : "urn:fhir:binding:QuestionnaireConcept"
  },
  "type" : {
    "kind" : "complex-type",
    "package" : "hl7.fhir.r4.core",
    "version" : "4.0.1",
    "name" : "Coding",
    "url" : "http://hl7.org/fhir/StructureDefinition/Coding"
  },
  "valueset" : {
    "kind" : "value-set",
    "package" : "hl7.fhir.r4.core",
    "version" : "4.0.1",
    "name" : "questionnaire-questions",
    "url" : "http://hl7.org/fhir/ValueSet/questionnaire-questions"
  },
  "strength" : "example",
  "dependencies" : [ {
    "kind" : "complex-type",
    "package" : "hl7.fhir.r4.core",
    "version" : "4.0.1",
    "name" : "Coding",
    "url" : "http://hl7.org/fhir/StructureDefinition/Coding"
  }, {
    "kind" : "value-set",
    "package" : "hl7.fhir.r4.core",
    "version" : "4.0.1",
    "name" : "questionnaire-questions",
    "url" : "http://hl7.org/fhir/ValueSet/questionnaire-questions"
  } ]
}