{
  "identifier": {
    "kind": "binding",
    "package": "hl7.fhir.r4.core",
    "version": "4.0.1",
    "name": "EnableWhenBehavior",
    "url": "urn:fhir:binding:EnableWhenBehavior"
  },
  "type": {
    "kind": "primitive-type",
    "package": "hl7.fhir.r4.core",
    "version": "4.0.1",
    "name": "code",
    "url": "http://hl7.org/fhir/StructureDefinition/code"
  },
  "valueset": {
    "kind": "value-set",
    "package": "hl7.fhir.r4.core",
    "version": "4.0.1",
    "name": "questionnaire-enable-behavior",
    "url": "http://hl7.org/fhir/ValueSet/questionnaire-enable-behavior"
  },
  "strength": "required",
  "enum": [
    "all",
    "any"
  ],
  "dependencies": [
    {
      "kind": "primitive-type",
      "package": "hl7.fhir.r4.core",
      "version": "4.0.1",
      "name": "code",
      "url": "http://hl7.org/fhir/StructureDefinition/code"
    },
    {
      "kind": "value-set",
      "package": "hl7.fhir.r4.core",
      "version": "4.0.1",
      "name": "questionnaire-enable-behavior",
      "url": "http://hl7.org/fhir/ValueSet/questionnaire-enable-behavior"
    }
  ]
}
