{
  "identifier": {
    "kind": "binding",
    "package": "hl7.fhir.r4.core",
    "version": "4.0.1",
    "name": "Language",
    "url": "urn:fhir:binding:Language"
  },
  "type": {
    "kind": "complex-type",
    "package": "hl7.fhir.r4.core",
    "version": "4.0.1",
    "name": "CodeableConcept",
    "url": "http://hl7.org/fhir/StructureDefinition/CodeableConcept"
  },
  "valueset": {
    "kind": "value-set",
    "package": "hl7.fhir.r4.core",
    "version": "4.0.1",
    "name": "languages",
    "url": "http://hl7.org/fhir/ValueSet/languages"
  },
  "strength": "preferred",
  "dependencies": [
    {
      "kind": "complex-type",
      "package": "hl7.fhir.r4.core",
      "version": "4.0.1",
      "name": "CodeableConcept",
      "url": "http://hl7.org/fhir/StructureDefinition/CodeableConcept"
    },
    {
      "kind": "value-set",
      "package": "hl7.fhir.r4.core",
      "version": "4.0.1",
      "name": "languages",
      "url": "http://hl7.org/fhir/ValueSet/languages"
    }
  ]
}
